// Jest Snapshot v1, https://goo.gl/fbAQLP

exports[`component renders 1`] = `
<Grid
  fluid={true}
>
  <Row>
    <Row
      top="xs"
    >
      <Col
        xs={8}
      >
        <img
          alt="Logo"
          src="pathToImage"
        />
        <h1>
          The simplest way
          <br />
          to take back control
          <br />
          of your cashflow
        </h1>
      </Col>
    </Row>
    <Row
      bottom="xs"
    >
      <Col
        xs={6}
      >
        <Link
          onlyActiveOnIndex={false}
          style={Object {}}
          to="/login"
        >
          <Button
            color="blue"
            text="Log in"
          />
        </Link>
      </Col>
      <Col
        xs={6}
      >
        <Link
          onlyActiveOnIndex={false}
          style={Object {}}
          to="/signup"
        >
          <Button
            color="transparent"
            text="Sign up"
          />
        </Link>
      </Col>
    </Row>
  </Row>
</Grid>
`;
