// Jest Snapshot v1, https://goo.gl/fbAQLP

exports[`component renders 1`] = `
<Grid
  fluid={true}
>
  <Row
    bottom="xs"
  >
    <Col
      xs={6}
    >
      <Link
        onlyActiveOnIndex={false}
        style={Object {}}
        to="/login"
      >
        <Button
          color="blue"
          text="Log in"
        />
      </Link>
    </Col>
    <Col
      xs={6}
    >
      <Button
        color="transparent"
        text="Sign up"
      />
    </Col>
  </Row>
</Grid>
`;
